main.c:103:5:main	40	static
main.c:164:6:SystemClock_Config	88	static
main.c:208:13:MX_ADC1_Init	24	static
main.c:258:13:MX_TIM9_Init	56	static
main.c:310:13:MX_USART3_UART_Init	8	static
main.c:343:13:MX_GPIO_Init	56	static
main.c:462:6:send_buffer	32	static
main.c:470:6:led_turned_on_state	24	static
main.c:477:6:led_turned_off_state	24	static
main.c:485:6:HAL_TIM_PeriodElapsedCallback	16	static
main.c:539:6:HAL_ADC_ConvCpltCallback	24	static
main.c:564:6:HAL_GPIO_EXTI_Callback	16	static
main.c:577:6:Error_Handler	8	static,ignoring_inline_asm
